(base)
peter@PLXPS13 MINGW64 ~
$ conda activate dev
(dev)
peter@PLXPS13 MINGW64 ~
$ cd FinTech_Workspace/Challenges/
(dev)
peter@PLXPS13 MINGW64 ~/FinTech_Workspace/Challenges
$ git clone https://github.com/plefebvre1/module_20_challenge.git
Cloning into 'module_20_challenge'...
remote: Enumerating objects: 5, done.
remote: Counting objects: 100% (5/5), done.
remote: Compressing objects: 100% (5/5), done.
remote: Total 5 (delta 0), reused 0 (delta 0), pack-reused 0
Receiving objects: 100% (5/5), done.
(dev)
peter@PLXPS13 MINGW64 ~/FinTech_Workspace/Challenges
$ cd module_20_challenge/
(dev)
peter@PLXPS13 MINGW64 ~/FinTech_Workspace/Challenges/module_20_challenge (main)
$ git status
On branch main
Your branch is up to date with 'origin/main'.

nothing to commit, working tree clean
(dev)
peter@PLXPS13 MINGW64 ~/FinTech_Workspace/Challenges/module_20_challenge (main)
$ git status
On branch main
Your branch is up to date with 'origin/main'.

Untracked files:
  (use "git add <file>..." to include in what will be committed)
        joint_savings.sol

nothing added to commit but untracked files present (use "git add" to track)
(dev)
peter@PLXPS13 MINGW64 ~/FinTech_Workspace/Challenges/module_20_challenge (main)
$ git add joint_savings.sol
(dev)
peter@PLXPS13 MINGW64 ~/FinTech_Workspace/Challenges/module_20_challenge (main)
$ git commit -m "Initial starter code"
[main bba8b99] Initial starter code
 1 file changed, 85 insertions(+)
 create mode 100644 joint_savings.sol
(dev)
peter@PLXPS13 MINGW64 ~/FinTech_Workspace/Challenges/module_20_challenge (main)
$ git status
On branch main
Your branch is ahead of 'origin/main' by 1 commit.
  (use "git push" to publish your local commits)

Untracked files:
  (use "git add <file>..." to include in what will be committed)
        Images/

nothing added to commit but untracked files present (use "git add" to track)
(dev)
peter@PLXPS13 MINGW64 ~/FinTech_Workspace/Challenges/module_20_challenge (main)
$ git status
On branch main
Your branch is ahead of 'origin/main' by 1 commit.
  (use "git push" to publish your local commits)

Changes not staged for commit:
  (use "git add <file>..." to update what will be committed)
  (use "git restore <file>..." to discard changes in working directory)
        modified:   joint_savings.sol

Untracked files:
  (use "git add <file>..." to include in what will be committed)
        Images/

no changes added to commit (use "git add" and/or "git commit -a")
(dev)
peter@PLXPS13 MINGW64 ~/FinTech_Workspace/Challenges/module_20_challenge (main)
$ git add Images/
(dev)
peter@PLXPS13 MINGW64 ~/FinTech_Workspace/Challenges/module_20_challenge (main)
$ git add joint_savings.sol
warning: CRLF will be replaced by LF in joint_savings.sol.
The file will have its original line endings in your working directory
(dev)
peter@PLXPS13 MINGW64 ~/FinTech_Workspace/Challenges/module_20_challenge (main)
$ git status
On branch main
Your branch is ahead of 'origin/main' by 1 commit.
  (use "git push" to publish your local commits)

Changes to be committed:
  (use "git restore --staged <file>..." to unstage)
        new file:   Images/10EthAsWeiTransaction.png
        new file:   Images/1EthAsWeiTransaction.png
        new file:   Images/5EthTransaction.png
        new file:   Images/SettingAccounts.png
        new file:   Images/Withdraw10Eth.png
        new file:   Images/Withdraw5Eth.png
        modified:   joint_savings.sol

(dev)
peter@PLXPS13 MINGW64 ~/FinTech_Workspace/Challenges/module_20_challenge (main)
$ git commit -m 'Solidity contract updated and deployed'
[main 395f686] Solidity contract updated and deployed
 7 files changed, 20 insertions(+), 12 deletions(-)
 create mode 100644 Images/10EthAsWeiTransaction.png
 create mode 100644 Images/1EthAsWeiTransaction.png
 create mode 100644 Images/5EthTransaction.png
 create mode 100644 Images/SettingAccounts.png
 create mode 100644 Images/Withdraw10Eth.png
 create mode 100644 Images/Withdraw5Eth.png
(dev)
peter@PLXPS13 MINGW64 ~/FinTech_Workspace/Challenges/module_20_challenge (main)
$ git push
Enumerating objects: 14, done.
Counting objects: 100% (14/14), done.
Delta compression using up to 8 threads
Compressing objects: 100% (13/13), done.
Writing objects: 100% (13/13), 1.47 MiB | 5.48 MiB/s, done.
Total 13 (delta 2), reused 0 (delta 0), pack-reused 0
remote: Resolving deltas: 100% (2/2), done.
To https://github.com/plefebvre1/module_20_challenge.git
   2683bc4..395f686  main -> main
(dev)
peter@PLXPS13 MINGW64 ~/FinTech_Workspace/Challenges/module_20_challenge (main)
$ touch terminal_history.txt
(dev)
peter@PLXPS13 MINGW64 ~/FinTech_Workspace/Challenges/module_20_challenge (main)
$